<html>
<body>
<pre>
<h1>µVision Build Log</h1>
<h2>Tool Versions:</h2>
IDE-Version: µVision V5.31.0.0
Copyright (C) 2020 ARM Ltd and ARM Germany GmbH. All rights reserved.
License Information: tue tue, tue, LIC=NQQMA-1F3AQ-Z93G9-4XEPJ-58IHH-9HF8P
 
Tool Versions:
Toolchain:       MDK-ARM Plus  Version: 5.31.0.0
Toolchain Path:  C:\Keil_v5\ARM\ARMCC\Bin
C Compiler:      Armcc.exe V5.06 update 6 (build 750)
Assembler:       Armasm.exe V5.06 update 6 (build 750)
Linker/Locator:  ArmLink.exe V5.06 update 6 (build 750)
Library Manager: ArmAr.exe V5.06 update 6 (build 750)
Hex Converter:   FromElf.exe V5.06 update 6 (build 750)
CPU DLL:         SARMCM3.DLL V5.31.0.0
Dialog DLL:      DCM.DLL V1.17.3.0
Target DLL:      Segger\JL2CM3.dll V2.99.38.0
Dialog DLL:      TCM.DLL V1.46.0.0
 
<h2>Project:</h2>
D:\MyStm32_Folder_Project\Cell_Balance\CellBalance\MDK-ARM\CellBalance.uvprojx
Project File Date:  01/15/2022

<h2>Output:</h2>
*** Using Compiler 'V5.06 update 6 (build 750)', folder: 'C:\Keil_v5\ARM\ARMCC\Bin'
Build target 'CellBalance'
compiling main.c...
../Core/Src/main.c(167): warning:  #188-D: enumerated type mixed with another type
      HAL_GPIO_WritePin(Discharge_C1_GPIO_Port,Discharge_C1_Pin,0); /* Pull Low to Discharge*/
../Core/Src/main.c(169): warning:  #188-D: enumerated type mixed with another type
      HAL_GPIO_WritePin(Discharge_C1_GPIO_Port,Discharge_C1_Pin,1);
../Core/Src/main.c(173): warning:  #188-D: enumerated type mixed with another type
      HAL_GPIO_WritePin(Dischage_C2_GPIO_Port,Dischage_C2_Pin,0); /* Pull Low to Discharge*/
../Core/Src/main.c(175): warning:  #188-D: enumerated type mixed with another type
      HAL_GPIO_WritePin(Dischage_C2_GPIO_Port,Dischage_C2_Pin,1);
../Core/Src/main.c(179): warning:  #188-D: enumerated type mixed with another type
      HAL_GPIO_WritePin(Dischage_C3_GPIO_Port,Dischage_C3_Pin,0); /* Pull Low to Discharge*/
../Core/Src/main.c(181): warning:  #188-D: enumerated type mixed with another type
      HAL_GPIO_WritePin(Dischage_C3_GPIO_Port,Dischage_C3_Pin,1);
../Core/Src/main.c(185): warning:  #188-D: enumerated type mixed with another type
      HAL_GPIO_WritePin(Dischage_C4_GPIO_Port,Dischage_C4_Pin,0); /* Pull Low to Discharge*/
../Core/Src/main.c(187): warning:  #188-D: enumerated type mixed with another type
      HAL_GPIO_WritePin(Dischage_C4_GPIO_Port,Dischage_C4_Pin,1);
../Core/Src/main.c(215): warning:  #167-D: argument of type "unsigned int (*)(unsigned int, const void *, unsigned int)" is incompatible with parameter of type "p_func_write"
     app_debug_add_callback_print_function(SEGGER_RTT_Write);
../Core/Src/main.c(230): warning:  #177-D: variable "data"  was declared but never referenced
    uint32_t data[4] = {0};
../Core/Src/main.c(336): warning:  #177-D: variable "sConfig"  was declared but never referenced
    ADC_ChannelConfTypeDef sConfig = {0};
../Core/Src/main.c: 11 warnings, 0 errors
linking...
Program Size: Code=13324 RO-data=916 RW-data=64 ZI-data=4360  
FromELF: creating hex file...
"CellBalance\CellBalance.axf" - 0 Error(s), 11 Warning(s).

<h2>Software Packages used:</h2>

Package Vendor: ARM
                http://www.keil.com/pack/ARM.CMSIS.5.8.0.pack
                ARM.CMSIS.5.8.0
                CMSIS (Common Microcontroller Software Interface Standard)
   * Component: CORE Version: 5.5.0

Package Vendor: Keil
                http://www.keil.com/pack/Keil.STM32F1xx_DFP.2.3.0.pack
                Keil.STM32F1xx_DFP.2.3.0
                STMicroelectronics STM32F1 Series Device Support, Drivers and Examples

<h2>Collection of Component include folders:</h2>
  .\RTE\_CellBalance
  C:\Users\Admin\AppData\Local\Arm\Packs\ARM\CMSIS\5.8.0\CMSIS\Core\Include
  C:\Users\Admin\AppData\Local\Arm\Packs\Keil\STM32F1xx_DFP\2.3.0\Device\Include

<h2>Collection of Component Files used:</h2>

   * Component: ARM::CMSIS:CORE:5.5.0
      Include file:  CMSIS\Core\Include\tz_context.h
Build Time Elapsed:  00:00:01
</pre>
</body>
</html>
